m8ar8t--base Mills8A-Regular "AutoEnc_j4tpcl52hl2m4lgaigxq4wqwwg ReEncodeFont" <[a_j4tpcl.enc <Mills8A-Regular.pfb
m8arc8t--base Mills8A-Regular "AutoEnc_uo747gtazxv4qv6mx4skxf7xua ReEncodeFont" <[a_uo747g.enc <Mills8A-Regular.pfb
m8ari8t--base Mills8A-Italic "AutoEnc_j4tpcl52hl2m4lgaigxq4wqwwg ReEncodeFont" <[a_j4tpcl.enc <Mills8A-Italic.pfb
m8ab8t--base Mills8A-Bold "AutoEnc_j4tpcl52hl2m4lgaigxq4wqwwg ReEncodeFont" <[a_j4tpcl.enc <Mills8A-Bold.pfb
m8abi8t--base Mills8A-BoldItalic "AutoEnc_j4tpcl52hl2m4lgaigxq4wqwwg ReEncodeFont" <[a_j4tpcl.enc <Mills8A-BoldItalic.pfb
m8ar98t--base Mills8A-Regular9 "AutoEnc_j4tpcl52hl2m4lgaigxq4wqwwg ReEncodeFont" <[a_j4tpcl.enc <Mills8A-Regular9.pfb
m8ari98t--base Mills8A-Italic9 "AutoEnc_j4tpcl52hl2m4lgaigxq4wqwwg ReEncodeFont" <[a_j4tpcl.enc <Mills8A-Italic9.pfb
m8arj8t--base Mills8A-Regular "AutoEnc_ltw77m3vpga4cmt4yuicdbec2c ReEncodeFont" <[a_ltw77m.enc <Mills8A-Regular.pfb
m8arcj8t--base Mills8A-Regular "AutoEnc_wxhme4veb7jzcjdltoltrt6lqd ReEncodeFont" <[a_wxhme4.enc <Mills8A-Regular.pfb
m8arij8t--base Mills8A-Italic "AutoEnc_ltw77m3vpga4cmt4yuicdbec2c ReEncodeFont" <[a_ltw77m.enc <Mills8A-Italic.pfb
m8abj8t--base Mills8A-Bold "AutoEnc_ltw77m3vpga4cmt4yuicdbec2c ReEncodeFont" <[a_ltw77m.enc <Mills8A-Bold.pfb
m8abij8t--base Mills8A-BoldItalic "AutoEnc_ltw77m3vpga4cmt4yuicdbec2c ReEncodeFont" <[a_ltw77m.enc <Mills8A-BoldItalic.pfb
m8ar9j8t--base Mills8A-Regular9 "AutoEnc_ltw77m3vpga4cmt4yuicdbec2c ReEncodeFont" <[a_ltw77m.enc <Mills8A-Regular9.pfb
m8ari9j8t--base Mills8A-Italic9 "AutoEnc_ltw77m3vpga4cmt4yuicdbec2c ReEncodeFont" <[a_ltw77m.enc <Mills8A-Italic9.pfb
m8asym Mills8A-Regular "AutoEnc_h7cfaoisnjbigduxqfnsq3saxf ReEncodeFont" <[a_h7cfao.enc <Mills8A-Regular.pfb
m8ami Mills8A-TeX-m8ami "m8ami-enc ReEncodeFont" <m8ami.enc <m8ami.pfb
m8aop Mills8A-TeX-m8aop "m8aop-enc ReEncodeFont" <m8aop.enc <m8aop.pfb
m8asy Mills8A-TeX-m8asy "m8asy-enc ReEncodeFont" <m8asy.enc <m8asy.pfb
m8axs Mills8A-TeX-m8axs "m8axs-enc ReEncodeFont" <m8axs.enc <m8axs.pfb
m8amis Mills8A-TeX-m8amis "m8amis-enc ReEncodeFont" <m8amis.enc <m8amis.pfb
m8aops Mills8A-TeX-m8aops "m8aops-enc ReEncodeFont" <m8aops.enc <m8aops.pfb
m8asys Mills8A-TeX-m8asys "m8asys-enc ReEncodeFont" <m8asys.enc <m8asys.pfb
m8axss Mills8A-TeX-m8axss "m8axss-enc ReEncodeFont" <m8axss.enc <m8axss.pfb
m8amiss Mills8A-TeX-m8amiss "m8amiss-enc ReEncodeFont" <m8amiss.enc <m8amiss.pfb
m8aopss Mills8A-TeX-m8aopss "m8aopss-enc ReEncodeFont" <m8aopss.enc <m8aopss.pfb
m8asyss Mills8A-TeX-m8asyss "m8asyss-enc ReEncodeFont" <m8asyss.enc <m8asyss.pfb
m8axsss Mills8A-TeX-m8axsss "m8axsss-enc ReEncodeFont" <m8axsss.enc <m8axsss.pfb
m8abmi Mills8A-TeX-m8abmi "m8abmi-enc ReEncodeFont" <m8abmi.enc <m8abmi.pfb
m8abop Mills8A-TeX-m8abop "m8abop-enc ReEncodeFont" <m8abop.enc <m8abop.pfb
m8absy Mills8A-TeX-m8absy "m8absy-enc ReEncodeFont" <m8absy.enc <m8absy.pfb
m8abxs Mills8A-TeX-m8abxs "m8abxs-enc ReEncodeFont" <m8abxs.enc <m8abxs.pfb
m8abmis Mills8A-TeX-m8abmis "m8abmis-enc ReEncodeFont" <m8abmis.enc <m8abmis.pfb
m8abops Mills8A-TeX-m8abops "m8abops-enc ReEncodeFont" <m8abops.enc <m8abops.pfb
m8absys Mills8A-TeX-m8absys "m8absys-enc ReEncodeFont" <m8absys.enc <m8absys.pfb
m8abxss Mills8A-TeX-m8abxss "m8abxss-enc ReEncodeFont" <m8abxss.enc <m8abxss.pfb
m8abmiss Mills8A-TeX-m8abmiss "m8abmiss-enc ReEncodeFont" <m8abmiss.enc <m8abmiss.pfb
m8abopss Mills8A-TeX-m8abopss "m8abopss-enc ReEncodeFont" <m8abopss.enc <m8abopss.pfb
m8absyss Mills8A-TeX-m8absyss "m8absyss-enc ReEncodeFont" <m8absyss.enc <m8absyss.pfb
m8abxsss Mills8A-TeX-m8abxsss "m8abxsss-enc ReEncodeFont" <m8abxsss.enc <m8abxsss.pfb
m8aexops Mills8A-TeX-m8aexops "m8aexops-enc ReEncodeFont" <m8aexops.enc <m8aexops.pfb
m8arad Mills8A-TeX-m8arad "m8arad-enc ReEncodeFont" <m8arad.enc <m8arad.pfb
m8abexops Mills8A-TeX-m8abexops "m8abexops-enc ReEncodeFont" <m8abexops.enc <m8abexops.pfb
m8abrad Mills8A-TeX-m8abrad "m8abrad-enc ReEncodeFont" <m8abrad.enc <m8abrad.pfb
