m8ar8t--base Mills8A-Regular "AutoEnc_l2uqr2psvpr4x4kfqdru4fq2ic ReEncodeFont" <[a_l2uqr2.enc <Mills8A-Regular.pfb
m8arc8t--base Mills8A-Regular "AutoEnc_4tkjjggjrdbzqmsxekkiwx5zdg ReEncodeFont" <[a_4tkjjg.enc <Mills8A-Regular.pfb
m8ari8t--base Mills8A-Italic "AutoEnc_l2uqr2psvpr4x4kfqdru4fq2ic ReEncodeFont" <[a_l2uqr2.enc <Mills8A-Italic.pfb
m8ab8t--base Mills8A-Bold "AutoEnc_l2uqr2psvpr4x4kfqdru4fq2ic ReEncodeFont" <[a_l2uqr2.enc <Mills8A-Bold.pfb
m8abi8t--base Mills8A-BoldItalic "AutoEnc_l2uqr2psvpr4x4kfqdru4fq2ic ReEncodeFont" <[a_l2uqr2.enc <Mills8A-BoldItalic.pfb
m8ar98t--base Mills8A-Regular9 "AutoEnc_l2uqr2psvpr4x4kfqdru4fq2ic ReEncodeFont" <[a_l2uqr2.enc <Mills8A-Regular9.pfb
m8ar9c8t--base Mills8A-Regular9 "AutoEnc_4tkjjggjrdbzqmsxekkiwx5zdg ReEncodeFont" <[a_4tkjjg.enc <Mills8A-Regular9.pfb
m8abc8t--base Mills8A-Bold "AutoEnc_4tkjjggjrdbzqmsxekkiwx5zdg ReEncodeFont" <[a_4tkjjg.enc <Mills8A-Bold.pfb
m8ari98t--base Mills8A-Italic9 "AutoEnc_l2uqr2psvpr4x4kfqdru4fq2ic ReEncodeFont" <[a_l2uqr2.enc <Mills8A-Italic9.pfb
m8arj8t--base Mills8A-Regular "AutoEnc_4hfd45tyfawwujaas7ixh56fqc ReEncodeFont" <[a_4hfd45.enc <Mills8A-Regular.pfb
m8arcj8t--base Mills8A-Regular "AutoEnc_5a6aepsykkxxnlrln43gvntkqb ReEncodeFont" <[a_5a6aep.enc <Mills8A-Regular.pfb
m8arij8t--base Mills8A-Italic "AutoEnc_4hfd45tyfawwujaas7ixh56fqc ReEncodeFont" <[a_4hfd45.enc <Mills8A-Italic.pfb
m8abj8t--base Mills8A-Bold "AutoEnc_4hfd45tyfawwujaas7ixh56fqc ReEncodeFont" <[a_4hfd45.enc <Mills8A-Bold.pfb
m8abij8t--base Mills8A-BoldItalic "AutoEnc_4hfd45tyfawwujaas7ixh56fqc ReEncodeFont" <[a_4hfd45.enc <Mills8A-BoldItalic.pfb
m8ar9j8t--base Mills8A-Regular9 "AutoEnc_4hfd45tyfawwujaas7ixh56fqc ReEncodeFont" <[a_4hfd45.enc <Mills8A-Regular9.pfb
m8ar9cj8t--base Mills8A-Regular9 "AutoEnc_5a6aepsykkxxnlrln43gvntkqb ReEncodeFont" <[a_5a6aep.enc <Mills8A-Regular9.pfb
m8abcj8t--base Mills8A-Bold "AutoEnc_5a6aepsykkxxnlrln43gvntkqb ReEncodeFont" <[a_5a6aep.enc <Mills8A-Bold.pfb
m8ari9j8t--base Mills8A-Italic9 "AutoEnc_4hfd45tyfawwujaas7ixh56fqc ReEncodeFont" <[a_4hfd45.enc <Mills8A-Italic9.pfb
m8asym Mills8A-Regular "AutoEnc_yerkoad3trvdywpk5u25jfugya ReEncodeFont" <[a_yerkoa.enc <Mills8A-Regular.pfb
m8ami Mills8A-TeX-m8ami "m8ami-enc ReEncodeFont" <m8ami.enc <m8ami.pfb
m8aop Mills8A-TeX-m8aop "m8aop-enc ReEncodeFont" <m8aop.enc <m8aop.pfb
m8asy Mills8A-TeX-m8asy "m8asy-enc ReEncodeFont" <m8asy.enc <m8asy.pfb
m8axs Mills8A-TeX-m8axs "m8axs-enc ReEncodeFont" <m8axs.enc <m8axs.pfb
m8amis Mills8A-TeX-m8amis "m8amis-enc ReEncodeFont" <m8amis.enc <m8amis.pfb
m8aops Mills8A-TeX-m8aops "m8aops-enc ReEncodeFont" <m8aops.enc <m8aops.pfb
m8asys Mills8A-TeX-m8asys "m8asys-enc ReEncodeFont" <m8asys.enc <m8asys.pfb
m8axss Mills8A-TeX-m8axss "m8axss-enc ReEncodeFont" <m8axss.enc <m8axss.pfb
m8amiss Mills8A-TeX-m8amiss "m8amiss-enc ReEncodeFont" <m8amiss.enc <m8amiss.pfb
m8aopss Mills8A-TeX-m8aopss "m8aopss-enc ReEncodeFont" <m8aopss.enc <m8aopss.pfb
m8asyss Mills8A-TeX-m8asyss "m8asyss-enc ReEncodeFont" <m8asyss.enc <m8asyss.pfb
m8axsss Mills8A-TeX-m8axsss "m8axsss-enc ReEncodeFont" <m8axsss.enc <m8axsss.pfb
m8aexops Mills8A-TeX-m8aexops "m8aexops-enc ReEncodeFont" <m8aexops.enc <m8aexops.pfb
